
> code-memory@0.2.0 build
> tsc

