
> code-memory@0.2.0 test
> node tools/vitest-compat.mjs run --testTimeout=30000 process-tracer


[1m[7m[36m RUN [39m[27m[22m [36mv2.1.9 [39m[90mC:/Users/ASUS/Desktop/xm/code-memory[39m

node.exe : 2026-06-02T11:58:15.525Z INFO [database] Opening database: C:\Users\
ASUS\AppData\Local\Temp\code-memory-process-qlpr0h\.code-memory\index.db
所在位置 行:1 字符: 1
+ & "C:\Program Files\nodejs/node.exe" "C:\Program Files\nodejs/node_mo ...
+ ~~~~~~~~~~~~~~~~~~~~~~~~~~~~~~~~~~~~~~~~~~~~~~~~~~~~~~~~~~~~~~~~~~~~~
    + CategoryInfo          : NotSpecified: (2026-06-02T11:5...memory\index.db 
   :String) [], RemoteException
    + FullyQualifiedErrorId : NativeCommandError
 
2026-06-02T11:58:15.541Z INFO [database] Database initialized
2026-06-02T11:58:15.549Z INFO [database] Database closed
2026-06-02T11:58:15.552Z INFO [database] Opening database: C:\Users\ASUS\AppDat
a\Local\Temp\code-memory-process-4a3acI\.code-memory\index.db
2026-06-02T11:58:15.561Z INFO [database] Database initialized
2026-06-02T11:58:15.567Z INFO [database] Database closed
2026-06-02T11:58:15.569Z INFO [database] Opening database: C:\Users\ASUS\AppDat
a\Local\Temp\code-memory-process-7i4aU7\.code-memory\index.db
2026-06-02T11:58:15.578Z INFO [database] Database initialized
2026-06-02T11:58:15.589Z INFO [database] Database closed
2026-06-02T11:58:15.591Z INFO [database] Opening database: C:\Users\ASUS\AppDat
a\Local\Temp\code-memory-process-zKd3cN\.code-memory\index.db
2026-06-02T11:58:15.600Z INFO [database] Database initialized
2026-06-02T11:58:15.608Z INFO [database] Database closed
2026-06-02T11:58:15.610Z INFO [database] Opening database: C:\Users\ASUS\AppDat
a\Local\Temp\code-memory-process-NF02HV\.code-memory\index.db
2026-06-02T11:58:15.620Z INFO [database] Database initialized
2026-06-02T11:58:15.623Z INFO [index-manager] Process detection produced 1 proc
esses
2026-06-02T11:58:15.632Z INFO [index-manager] Community detection produced 1 co
mmunities (iterations=2, totalNodes=2)
2026-06-02T11:58:15.633Z INFO [index-manager] Process detection produced 1 proc
esses
2026-06-02T11:58:15.634Z INFO [index-manager] Community detection produced 1 co
mmunities (iterations=2, totalNodes=2)
2026-06-02T11:58:15.638Z INFO [database] Database closed
 [32m鉁?[39m tests/process-tracer.test.ts [2m([22m[2m5 tests[22m[2m)[22m[90m 117[2mms[22m[39m

[2m Test Files [22m [1m[32m1 passed[39m[22m[90m (1)[39m
[2m      Tests [22m [1m[32m5 passed[39m[22m[90m (5)[39m
[2m   Start at [22m 19:58:14
[2m   Duration [22m 1.41s[2m (transform 378ms, setup 0ms, collect 641ms, tests 117ms, environment 0ms, prepare 89ms)[22m

